/*C3*/SET SCHEMA PUBLIC
\u000d\u000a    drop table MESSAGES if exists
\u000d\u000a    drop sequence hibernate_sequence if exists
create sequence hibernate_sequence start with 1 increment by 1
\u000d\u000a    create table MESSAGES (\u000d\u000a       MESSAGE_ID bigint not null,\u000d\u000a        MESSAGE_TEXT varchar(255),\u000d\u000a        NEXT_MESSAGE_ID bigint,\u000d\u000a        primary key (MESSAGE_ID)\u000d\u000a    )
\u000d\u000a    alter table MESSAGES \u000d\u000a       add constraint FKloqdce7eyeph0rh1v98egy2ex \u000d\u000a       foreign key (NEXT_MESSAGE_ID) \u000d\u000a       references MESSAGES
INSERT INTO MESSAGES VALUES(1,'Hello World',NULL)
ALTER SEQUENCE PUBLIC.HIBERNATE_SEQUENCE RESTART WITH 2
COMMIT
DISCONNECT
/*C4*/SET SCHEMA PUBLIC
\u000d\u000a    alter table MESSAGES \u000d\u000a       drop constraint FKloqdce7eyeph0rh1v98egy2ex
\u000d\u000a    drop table MESSAGES if exists
\u000d\u000a    drop sequence hibernate_sequence if exists
create sequence hibernate_sequence start with 1 increment by 1
\u000d\u000a    create table MESSAGES (\u000d\u000a       MESSAGE_ID bigint not null,\u000d\u000a        MESSAGE_TEXT varchar(255),\u000d\u000a        NEXT_MESSAGE_ID bigint,\u000d\u000a        primary key (MESSAGE_ID)\u000d\u000a    )
\u000d\u000a    alter table MESSAGES \u000d\u000a       add constraint FKloqdce7eyeph0rh1v98egy2ex \u000d\u000a       foreign key (NEXT_MESSAGE_ID) \u000d\u000a       references MESSAGES
INSERT INTO MESSAGES VALUES(1,'Hello World',NULL)
ALTER SEQUENCE PUBLIC.HIBERNATE_SEQUENCE RESTART WITH 2
COMMIT
DISCONNECT
